172.16.0.1 - stefan [25/Sep/2002:14:04:30 +0200] "GET / HTTP/1.1" 200 301 "" "Mozilla/5.0 (X11; U; Linux i686; en-US; rv:1.1) Gecko/20020827"
172.16.0.2 - stefan [25/Sep/2002:14:04:30 +0200] "GET /thttpd_powered_2.gif HTTP/1.1" 200 2114 "http://server/" "Mozilla/5.0 (X11; U; Linux i686; en-US; rv:1.1) Gecko/20020827"
172.16.0.3 - stefan [25/Sep/2002:14:04:30 +0200] "GET /thttpd_powered_2.gif HTTP/1.1" 200 2114 "http://server/" "Mozilla/5.0 (X11; U; Linux i686; en-US; rv:1.1) Gecko/20020827"
172.16.0.4 - - [25/Sep/2002:15:38:32 +0200] "GET / HTTP/1.1" 401 - "" "Mozilla/5.0 (X11; U; Linux i686; en-US; rv:1.1) Gecko/20020827"
172.16.0.4 - - [25/Sep/2002:15:38:32 +0200] "GET / HTTP/1.1" 401 - "" "Mozilla/5.0 (X11; U; Linux i686; en-US; rv:1.1) Gecko/20020827"
172.16.0.4 - - [25/Sep/2002:15:38:32 +0200] "GET / HTTP/1.1" 401 - "" "Mozilla/5.0 (X11; U; Linux i686; en-US; rv:1.1) Gecko/20020827"
172.16.0.4 - - [25/Sep/2002:15:38:32 +0200] "GET / HTTP/1.1" 401 - "" "Mozilla/5.0 (X11; U; Linux i686; en-US; rv:1.1) Gecko/20020827"
172.16.0.4 - - [25/Sep/2002:15:38:32 +0200] "GET / HTTP/1.1" 401 - "" "Mozilla/5.0 (X11; U; Linux i686; en-US; rv:1.1) Gecko/20020827"
172.16.0.5 - - [25/Sep/2002:15:38:32 +0200] "GET / HTTP/1.1" 404 - "" "Mozilla/5.0 (X11; U; Linux i686; en-US; rv:1.1) Gecko/20020827"
